The system is: Windows - 10.0.19042 - AMD64
Compiling the C compiler identification source file "CMakeCCompilerId.c" succeeded.
Compiler: C:/Program Files (x86)/Microsoft Visual Studio/2019/Community/VC/Tools/MSVC/14.29.30037/bin/Hostx64/x64/cl.exe 
Build flags: 
Id flags:  

The output was:
0
Microsoft (R) C/C++ Optimizing Compiler Version 19.29.30040 for x64
Copyright (C) Microsoft Corporation.  All rights reserved.

CMakeCCompilerId.c
Microsoft (R) Incremental Linker Version 14.29.30040.0
Copyright (C) Microsoft Corporation.  All rights reserved.

/out:CMakeCCompilerId.exe 
CMakeCCompilerId.obj 


Compilation of the C compiler identification source "CMakeCCompilerId.c" produced "CMakeCCompilerId.exe"

Compilation of the C compiler identification source "CMakeCCompilerId.c" produced "CMakeCCompilerId.obj"

The C compiler identification is MSVC, found in "C:/Src/lastchaos-warfare/Client/3rdparty/zlib-1.2.8/out/build/x64-Debug/CMakeFiles/3.20.21032501-MSVC_2/CompilerIdC/CMakeCCompilerId.exe"

Detecting C compiler ABI info compiled with the following output:
Change Dir: C:/Src/lastchaos-warfare/Client/3rdparty/zlib-1.2.8/out/build/x64-Debug/CMakeFiles/CMakeTmp

Run Build Command(s):C:/Program Files (x86)/Microsoft Visual Studio/2019/Community/Common7/IDE/CommonExtensions/Microsoft/CMake/Ninja/ninja.exe cmTC_487e3 && [1/2] Building C object CMakeFiles\cmTC_487e3.dir\CMakeCCompilerABI.c.obj
[2/2] Linking C executable cmTC_487e3.exe



Determining if the include file sys/types.h exists passed with the following output:
Change Dir: C:/Src/lastchaos-warfare/Client/3rdparty/zlib-1.2.8/out/build/x64-Debug/CMakeFiles/CMakeTmp

Run Build Command(s):C:/Program Files (x86)/Microsoft Visual Studio/2019/Community/Common7/IDE/CommonExtensions/Microsoft/CMake/Ninja/ninja.exe cmTC_ed0de && [1/2] Building C object CMakeFiles\cmTC_ed0de.dir\CheckIncludeFile.c.obj
[2/2] Linking C executable cmTC_ed0de.exe



Determining if the include file stdint.h exists passed with the following output:
Change Dir: C:/Src/lastchaos-warfare/Client/3rdparty/zlib-1.2.8/out/build/x64-Debug/CMakeFiles/CMakeTmp

Run Build Command(s):C:/Program Files (x86)/Microsoft Visual Studio/2019/Community/Common7/IDE/CommonExtensions/Microsoft/CMake/Ninja/ninja.exe cmTC_533fe && [1/2] Building C object CMakeFiles\cmTC_533fe.dir\CheckIncludeFile.c.obj
[2/2] Linking C executable cmTC_533fe.exe



Determining if the include file stddef.h exists passed with the following output:
Change Dir: C:/Src/lastchaos-warfare/Client/3rdparty/zlib-1.2.8/out/build/x64-Debug/CMakeFiles/CMakeTmp

Run Build Command(s):C:/Program Files (x86)/Microsoft Visual Studio/2019/Community/Common7/IDE/CommonExtensions/Microsoft/CMake/Ninja/ninja.exe cmTC_ae883 && [1/2] Building C object CMakeFiles\cmTC_ae883.dir\CheckIncludeFile.c.obj
[2/2] Linking C executable cmTC_ae883.exe



